                                   MODFLOW 6
                U.S. GEOLOGICAL SURVEY MODULAR HYDROLOGIC MODEL
                   VERSION 6.3.0 release candidate 02/06/2022
                               ***DEVELOP MODE***

   MODFLOW 6 compiled Feb 06 2022 02:35:51 with Intel(R) Fortran Intel(R) 64
   Compiler Classic for applications running on Intel(R) 64, Version 2021.5.0
                             Build 20211109_000000

This software is preliminary or provisional and is subject to 
revision. It is being provided to meet the need for timely best 
science. The software has not received final approval by the U.S. 
Geological Survey (USGS). No warranty, expressed or implied, is made 
by the USGS or the U.S. Government as to the functionality of the 
software and related material nor shall the fact of release 
constitute any such warranty. The software is provided on the 
condition that neither the USGS nor the U.S. Government shall be held 
liable for any damages resulting from the authorized or unauthorized 
use of the software.


As a work of the United States Government, this USGS product is 
in the public domain within the United States. You can copy, 
modify, distribute, and perform the work, even for commercial 
purposes, all without asking permission. Additionally, USGS 
waives copyright and related rights in the work worldwide 
through CC0 1.0 Universal Public Domain Dedication 
(https://creativecommons.org/publicdomain/zero/1.0/).

The following GNU Lesser General Public License (LGPL) libraries
are used in this USGS product:

    SPARSKIT version 2.0
      ilut, luson, and qsplit 
      (https://www-users.cse.umn.edu/~saad/software/SPARSKIT/)

    RCM - Reverse Cuthill McKee Ordering
      (https://people.math.sc.edu/Burkardt/f_src/rcm/rcm.html)

    BLAS - Basic Linear Algebra Subprograms Level 1
      (https://people.math.sc.edu/Burkardt/f_src/blas1_d/blas1_d.html)

    SPARSEKIT - Sparse Matrix Utility Package
      amux, dperm, dvperm, rperm, and cperm
      (https://people.sc.fsu.edu/~jburkardt/f77_src/sparsekit/sparsekit.html)

The following BSD-3 License libraries are used in this USGS product:

    Modern Fortran DAG Library
      Copyright (c) 2018, Jacob Williams
      All rights reserved.
      (https://github.com/jacobwilliams/daglib)

MODFLOW 6 compiler options: /O2 /heap-arrays:0 /fpe:0 /traceback /nologo /fpp
/c /module:.\mod_temp\ /object:.\obj_temp\

System command used to initiate simulation:
C:\Users\tfo46\e_Python\a_rbm\rapid-gwm-build\examples\bin\mf6.exe

MODFLOW was compiled using uniform precision.

Real Variables
  KIND: 8
  TINY (smallest non-zero value):    2.225074-308
  HUGE (largest value):    1.797693+308
  PRECISION: 15
  BIT SIZE: 64

Integer Variables
  KIND: 4
  HUGE (largest value): 2147483647
  BIT SIZE: 32

Long Integer Variables
  KIND: 8
  HUGE (largest value): 9223372036854775807
  BIT SIZE: 64

Logical Variables
  KIND: 4
  BIT SIZE: 32
 

 OPENED mfsim.nam
 FILE TYPE:NAM   UNIT 1001   STATUS:OLD                 
 FORMAT:FORMATTED              ACCESS:SEQUENTIAL          
 ACTION:READ                

 # File generated by Flopy version 3.9.2 on 06/19/2025 at 16:53:15.

 READING SIMULATION OPTIONS
 END OF SIMULATION OPTIONS

 READING SIMULATION TIMING

 OPENED local2.tdis
 FILE TYPE:TDIS   UNIT 1002   STATUS:OLD                 
 FORMAT:FORMATTED              ACCESS:SEQUENTIAL          
 ACTION:READ                


 TDIS -- TEMPORAL DISCRETIZATION PACKAGE,
 VERSION 1 : 11/13/2014 - INPUT READ FROM UNIT 1002
 # File generated by Flopy version 3.9.2 on 06/19/2025 at 16:53:15.
 PROCESSING TDIS OPTIONS
    SIMULATION TIME UNIT IS DAYS
 END OF TDIS OPTIONS
 PROCESSING TDIS DIMENSIONS
    1 STRESS PERIOD(S) IN SIMULATION
 END OF TDIS DIMENSIONS
 PROCESSING TDIS PERIODDATA


 STRESS PERIOD     LENGTH       TIME STEPS     MULTIPLIER FOR DELT
 ----------------------------------------------------------------------------
        1         1.000000          1                    1.000
 END OF TDIS PERIODDATA
 END OF SIMULATION TIMING

 READING SIMULATION MODELS
    GWF6 model LOCAL2 will be created as model 1
 END OF SIMULATION MODELS

 READING SIMULATION EXCHANGES
 END OF SIMULATION EXCHANGES

 READING SOLUTIONGROUP

 Creating solution: SLN_1           

 OPENED local2.ims
 FILE TYPE:IMS   UNIT 1017   STATUS:OLD                 
 FORMAT:FORMATTED              ACCESS:SEQUENTIAL          
 ACTION:READ                

 END OF SIMULATION SOLUTIONGROUP

PROCESSING MODEL CONNECTIONS

 IMS -- ITERATIVE MODEL SOLUTION PACKAGE, VERSION 6, 4/28/2017
         INPUT READ FROM UNIT 1017
 # File generated by Flopy version 3.9.2 on 06/19/2025 at 16:53:15.

 PROCESSING IMS OPTIONS
 COMPLEX OPTION:
 DEFAULT SOLVER INPUT VALUES REFLECT STRONGLY NONLINEAR MODEL
 END OF IMS OPTIONS
 **UNDER-RELAXATION WILL BE USED***
 
 ***IMS LINEAR SOLVER WILL BE USED***

 IMSLINEAR -- UNSTRUCTURED LINEAR SOLUTION PACKAGE, VERSION 8, 04/28/2017
 
 An asymmetric matrix will be solved

 OUTER ITERATION CONVERGENCE CRITERION    (DVCLOSE) =    0.100000E+00
 MAXIMUM NUMBER OF OUTER ITERATIONS        (MXITER) = 100
 SOLVER PRINTOUT INDEX                     (IPRIMS) = 2
 NONLINEAR ITERATION METHOD            (NONLINMETH) = 3
 LINEAR SOLUTION METHOD                   (LINMETH) = 1
 UNDER-RELAXATION WEIGHT REDUCTION FACTOR   (THETA) =    0.800000E+00
 UNDER-RELAXATION WEIGHT INCREASE INCREMENT (KAPPA) =    0.100000E-03
 UNDER-RELAXATION PREVIOUS HISTORY FACTOR   (GAMMA) =    0.000000E+00
 UNDER-RELAXATION MOMENTUM TERM         (AMOMENTUM) =    0.000000E+00
 MAXIMUM NUMBER OF BACKTRACKS            (NUMTRACK) = 20
 BACKTRACKING TOLERANCE FACTOR               (BTOL) =    0.105000E+01
 BACKTRACKING REDUCTION FACTOR             (BREDUC) =    0.100000E+00
 BACKTRACKING RESIDUAL LIMIT              (RES_LIM) =    0.200000E-02

       SOLUTION BY THE BICONJUGATE-GRADIENT STABILIZED METHOD
 ------------------------------------------------------------------
 MAXIMUM OF 100 CALLS OF SOLUTION ROUTINE
 MAXIMUM OF 500 INTERNAL ITERATIONS PER CALL TO SOLUTION ROUTINE
 LINEAR ACCELERATION METHOD            = BCGS      
 MATRIX PRECONDITIONING TYPE           = INCOMPLETE LUT      
 MATRIX SCALING APPROACH               = NO SCALING          
 MATRIX REORDERING APPROACH            = ORIGINAL ORDERING        
 NUMBER OF ORTHOGONALIZATIONS          = 2
 HEAD CHANGE CRITERION FOR CLOSURE     =    0.10000E+00
 RESIDUAL CHANGE CRITERION FOR CLOSURE =    0.10000E+00
 RESIDUAL CONVERGENCE OPTION           = 0
 RESIDUAL CONVERGENCE NORM             = INFINITY NORM   
 RELAXATION FACTOR                     =    0.00000E+00
 NUMBER OF LEVELS                      =              5
 DROP TOLERANCE                        =    0.10000E-03


 
    Solving:  Stress period:     1    Time step:     1
 
1
                            STRESS PERIOD NO. 1, LENGTH =   1.000000    
                            -----------------------------------------------
                            NUMBER OF TIME STEPS = 1
                            MULTIPLIER FOR DELT =     1.000
                            INITIAL TIME STEP SIZE =   1.000000    

 SLN_1 OUTER ITERATION SUMMARY
 ----------------------------------------------------------------------------------------------------------------------------------------------------------------
                                OUTER      INNER  BACKTRACK  BACKTRACK        INCOMING        OUTGOING                    STEP   MAXIMUM CHANGE MODEL-(CELLID) OR
 OUTER ITERATION STEP       ITERATION  ITERATION       FLAG ITERATIONS        RESIDUAL        RESIDUAL  MAXIMUM CHANGE SUCCESS             MODEL-PACKAGE-(NUMBER)
 ----------------------------------------------------------------------------------------------------------------------------------------------------------------
 Backtracking                       1                     0          0       10443.195       10443.195                       *                                   
 Model                              1         89                                                             13.460833                           1_GWF-(3,103,95)
 Backtracking                       2                     0          0       4106.9379       4106.9379                       *                                   
 Model                              2         12                                                            -7.6725162                            1_GWF-(1,98,17)
 Backtracking                       3                     0          0       821.50144       821.50144                       *                                   
 Model                              3         12                                                            -1.5375385                            1_GWF-(1,98,17)
 Backtracking                       4                     0          0       164.40646       164.40646                       *                                   
 Model                              4          3                                                           -0.30443868                            1_GWF-(1,98,17)
 Backtracking                       5                     0          0       33.218292       33.218292                       *                                   
 Model                              5          2                                                       -7.17983207E-02       *                    1_GWF-(1,8,143)
 ----------------------------------------------------------------------------------------------------------------------------------------------------------------


 5 CALLS TO NUMERICAL SOLUTION IN TIME STEP 1 STRESS PERIOD 1
 118 TOTAL ITERATIONS

 SLN_1 INNER ITERATION SUMMARY
 --------------------------------------------------------------------------------------------------------------------------------------
      TOTAL      OUTER      INNER                                                            MAXIMUM                                   
  ITERATION  ITERATION  ITERATION  MAXIMUM CHANGE      MAXIMUM CHANGE MODEL-(CELLID)        RESIDUAL    MAXIMUM RESIDUAL MODEL-(CELLID)
 --------------------------------------------------------------------------------------------------------------------------------------
          1          1          1       8.8390253                   1_GWF-(3,42,128)      -16.244103                     1_GWF-(5,4,63)
          2          1          2       2.1324681                    1_GWF-(1,104,6)      -5.8676125                     1_GWF-(5,6,64)
          3          1          3       1.5827164                    1_GWF-(1,102,8)       3.3912657                    1_GWF-(6,8,149)
          4          1          4       1.2039281                   1_GWF-(1,101,11)      -2.0613185                    1_GWF-(6,9,148)
          5          1          5       1.2417358                   1_GWF-(1,100,12)      -1.3542245                    1_GWF-(1,97,17)
          6          1          6      0.32677221                    1_GWF-(1,97,16)       2.2116152                    1_GWF-(6,9,148)
          7          1          7       1.1434021                    1_GWF-(1,98,16)       1.5185101                    1_GWF-(6,9,148)
          8          1          8      0.80108093                    1_GWF-(1,97,18)     -0.65660509                    1_GWF-(5,92,20)
          9          1          9      0.73574936                    1_GWF-(1,95,20)     -0.57228834                    1_GWF-(5,91,23)
         10          1         10      0.61656436                    1_GWF-(4,95,21)      0.61546933                     1_GWF-(4,7,70)
         11          1         11      0.85324176                    1_GWF-(4,94,21)     -0.43200685                    1_GWF-(5,86,28)
         12          1         12 -5.46434525E-02                    1_GWF-(4,96,19)     -0.42219394                    1_GWF-(5,90,27)
         13          1         13       1.1182950                    1_GWF-(4,90,27)     -0.57801766                    1_GWF-(1,86,23)
         14          1         14      0.97300592                   1_GWF-(5,117,99)     -0.29837174                    1_GWF-(4,59,24)
         15          1         15  2.97283976E-02                    1_GWF-(4,83,37)     -0.21687361                    1_GWF-(5,83,38)
         16          1         16      0.45795120                    1_GWF-(4,82,38)     -0.38077191                    1_GWF-(4,58,26)
         17          1         17      0.69164100                   1_GWF-(5,115,98)     -0.74433918                    1_GWF-(1,84,25)
         18          1         18      0.46721155                   1_GWF-(5,115,98)     -0.18856363                    1_GWF-(1,73,27)
         19          1         19     -0.32995409                   1_GWF-(5,118,99)     -0.13513186                    1_GWF-(5,78,49)
         20          1         20       1.1493780                   1_GWF-(5,113,98)      0.34954655                    1_GWF-(4,59,33)
         21          1         21     -0.64176075                   1_GWF-(5,114,98)     -0.10726060                    1_GWF-(5,77,55)
         22          1         22      0.18246340                   1_GWF-(5,112,98)     -0.10329143                    1_GWF-(8,27,24)
         23          1         23  1.77941599E-02                    1_GWF-(4,77,59)     -0.10818528                    1_GWF-(4,60,34)
         24          1         24  8.69953700E-02                   1_GWF-(6,109,98)     -0.12103304                    1_GWF-(4,60,36)
         25          1         25     -0.18661810                   1_GWF-(6,110,98)     -0.10173738                    1_GWF-(8,27,24)
         26          1         26      0.36208882                   1_GWF-(6,109,98)     -0.10844612                     1_GWF-(8,3,61)
         27          1         27      0.13148878                   1_GWF-(5,108,99)     -0.11095162                     1_GWF-(8,3,61)
         28          1         28      0.15071901                   1_GWF-(5,107,99)     -0.11379961                     1_GWF-(8,3,61)
         29          1         29  1.22660324E-02                    1_GWF-(4,77,71)     -0.11363529                     1_GWF-(8,3,61)
         30          1         30  5.18602185E-02                    1_GWF-(4,77,59)     -0.11446658                     1_GWF-(8,3,61)
         31          1         31  1.20816254E-02                    1_GWF-(4,78,68)     -0.11455128                     1_GWF-(8,3,61)
         32          1         32 -5.58345890E-02                    1_GWF-(5,72,56)     -0.11365444                     1_GWF-(8,3,61)
         33          1         33      0.38434290                    1_GWF-(5,72,57)     -0.11944590                     1_GWF-(8,3,61)
         34          1         34  9.97344135E-02                    1_GWF-(5,73,59)     -0.12082557                     1_GWF-(8,3,61)
         35          1         35 -1.22485816E-02                   1_GWF-(5,113,98)     -0.12053184                     1_GWF-(8,3,61)
         36          1         36  9.35161512E-02                    1_GWF-(5,78,66)     -0.12148949                     1_GWF-(8,3,61)
         37          1         37  3.15071177E-02                    1_GWF-(5,79,72)     -0.12167494                     1_GWF-(8,3,61)
         38          1         38  4.81719249E-02                    1_GWF-(5,80,74)     -0.12183962                     1_GWF-(8,3,61)
         39          1         39  1.46127310E-03                    1_GWF-(5,79,79)     -0.12180552                     1_GWF-(8,3,61)
         40          1         40       1.0667621                    1_GWF-(5,80,74)     -0.12588829                     1_GWF-(8,3,61)
         41          1         41     -0.84512624                    1_GWF-(5,79,69)     -0.11912192                     1_GWF-(8,3,61)
         42          1         42 -4.09137262E-03                    1_GWF-(5,89,99)     -0.11910071                     1_GWF-(8,3,61)
         43          1         43 -4.74699540E-03                   1_GWF-(5,116,98)     -0.11904179                     1_GWF-(8,3,61)
         44          1         44 -1.44149075E-02                   1_GWF-(5,115,98)     -0.11886671                     1_GWF-(8,3,61)
         45          1         45  2.14896991E-02                   1_GWF-(5,116,98)     -0.11912165                     1_GWF-(8,3,61)
         46          1         46  4.44179854E-02                   1_GWF-(5,119,99)     -0.11957055                     1_GWF-(8,3,61)
         47          1         47  4.60921965E-03                   1_GWF-(5,120,99)     -0.11958626                     1_GWF-(8,3,61)
         48          1         48  4.42943962E-04                    1_GWF-(7,59,41)     -0.11958648                     1_GWF-(8,3,61)
         49          1         49  1.08307967E-02                   1_GWF-(5,120,99)     -0.11964972                     1_GWF-(8,3,61)
         50          1         50 -7.63674191E-04                    1_GWF-(5,94,97)     -0.11963759                     1_GWF-(8,3,61)
         51          1         51  1.52024050E-02                   1_GWF-(5,120,99)     -0.11967383                     1_GWF-(8,3,61)
         52          1         52  6.35862181E-03                   1_GWF-(5,120,99)     -0.11968053                     1_GWF-(8,3,61)
         53          1         53  8.48684043E-04                   1_GWF-(5,120,99)     -0.11967360                     1_GWF-(8,3,61)
         54          1         54  1.77403806E-03                     1_GWF-(8,88,6)     -0.11961717                     1_GWF-(8,3,61)
         55          1         55  8.88695361E-04                     1_GWF-(8,89,5)     -0.11960209                     1_GWF-(8,3,61)
         56          1         56  8.36081642E-03                     1_GWF-(8,89,5)     -0.11945565                     1_GWF-(8,3,61)
         57          1         57 -3.00671387E-03                   1_GWF-(5,120,99)     -0.11945542                     1_GWF-(8,3,61)
         58          1         58 -2.19933016E-03                     1_GWF-(8,89,6)     -0.11950558                     1_GWF-(8,3,61)
         59          1         59  2.31702083E-02                     1_GWF-(8,89,6)     -0.11897071                     1_GWF-(8,3,61)
         60          1         60  3.29278896E-02                     1_GWF-(8,89,6)     -0.11819509                     1_GWF-(8,3,61)
         61          1         61 -4.53095428E-03                     1_GWF-(8,89,6)     -0.11829813                     1_GWF-(8,3,61)
         62          1         62      -6.9715249                     1_GWF-(8,89,6)     -0.49921482                     1_GWF-(8,81,5)
         63          1         63       7.0705615                     1_GWF-(8,89,6)     -0.11590613                     1_GWF-(8,3,61)
         64          1         64     -0.28087351                     1_GWF-(8,88,6)     -0.12320496                     1_GWF-(8,3,61)
         65          1         65 -6.71403976E-04                    1_GWF-(4,79,62)     -0.12319275                     1_GWF-(8,3,61)
         66          1         66 -1.05379850E-02                    1_GWF-(8,82,12)     -0.12353122                     1_GWF-(8,3,61)
         67          1         67 -1.56539201E-03                     1_GWF-(8,5,86)     -0.12358897                     1_GWF-(8,3,61)
         68          1         68 -8.97889476E-04                    1_GWF-(5,78,81)     -0.12361536                     1_GWF-(8,3,61)
         69          1         69  5.64219226E-03                    1_GWF-(5,77,82)     -0.12334725                     1_GWF-(8,3,61)
         70          1         70 -6.69825187E-03                    1_GWF-(5,78,81)     -0.12353103                     1_GWF-(8,3,61)
         71          1         71  6.00042969E-04                    1_GWF-(1,71,67)     -0.12351591                     1_GWF-(8,3,61)
         72          1         72 -2.47229925E-02                     1_GWF-(8,89,5)     -0.12409253                     1_GWF-(8,3,61)
         73          1         73  2.64917743E-02                     1_GWF-(8,89,5)     -0.12355629                     1_GWF-(8,3,61)
         74          1         74 -9.37146806E-04                    1_GWF-(1,70,66)     -0.12354316                     1_GWF-(8,3,61)
         75          1         75 -1.66861762E-03                    1_GWF-(8,85,10)     -0.12359351                     1_GWF-(8,3,61)
         76          1         76 -5.61398414E-03                    1_GWF-(8,76,21)     -0.12376727                     1_GWF-(8,3,61)
         77          1         77  6.64558608E-04                     1_GWF-(8,88,6)     -0.12374645                     1_GWF-(8,3,61)
         78          1         78  5.52041143E-02                    1_GWF-(8,78,18)     -0.12204937                     1_GWF-(8,3,61)
         79          1         79     -0.15812967                    1_GWF-(8,59,41)     -0.12695994                     1_GWF-(8,3,61)
         80          1         80 -7.89265564E-02                    1_GWF-(8,72,26)     -0.12938813                     1_GWF-(8,3,61)
         81          1         81      0.36258781                    1_GWF-(8,72,26)     -0.11824263                     1_GWF-(8,3,61)
         82          1         82 -3.17125884E-04                    1_GWF-(1,70,70)     -0.11824046                     1_GWF-(8,3,61)
         83          1         83      0.94148535                    1_GWF-(8,72,25) -8.93129777E-02                     1_GWF-(8,3,61)
         84          1         84       1.2211193                    1_GWF-(8,72,25) -5.20633360E-02                    1_GWF-(8,5,145)
         85          1         85     -0.12598308                    1_GWF-(8,80,15) -5.56986368E-02                     1_GWF-(8,3,61)
         86          1         86       5.3796150                    1_GWF-(8,70,27)      0.11989569                    1_GWF-(8,27,24)
         87          1         87       1.4320637                    1_GWF-(8,70,28)      0.16479654                    1_GWF-(8,27,24)
         88          1         88      -4.3286691                    1_GWF-(8,71,27)  2.83896594E-02                    1_GWF-(8,27,24)
         89          1         89  3.20178233E-02                    1_GWF-(8,31,86)  2.93102154E-02                    1_GWF-(8,27,24)
         90          2          1      -7.1968742                    1_GWF-(1,98,17)       24.896489                   1_GWF-(1,100,14)
         91          2          2      -3.0907704                    1_GWF-(1,91,30)       7.0889407                   1_GWF-(1,102,11)
         92          2          3      -1.5734039                   1_GWF-(1,102,10)       2.1369980                    1_GWF-(1,91,16)
         93          2          4     -0.93944974                    1_GWF-(1,91,15)       1.2350020                    1_GWF-(1,88,16)
         94          2          5     -0.68448496                    1_GWF-(1,88,16)      0.75313265                    1_GWF-(1,85,17)
         95          2          6     -0.54458673                    1_GWF-(1,86,16)      0.47431924                    1_GWF-(1,81,17)
         96          2          7     -0.44531441                    1_GWF-(1,84,17)      0.30098124                    1_GWF-(1,78,17)
         97          2          8     -0.40267047                    1_GWF-(1,77,17)     -0.33089211                   1_GWF-(1,101,10)
         98          2          9      0.29622480                    1_GWF-(1,77,23)      0.66928834                   1_GWF-(1,11,148)
         99          2         10     -0.49366538                    1_GWF-(1,77,24)     -0.24931165                   1_GWF-(1,11,149)
        100          2         11     -0.15604366                    1_GWF-(5,92,24)     -0.15115926                   1_GWF-(1,11,148)
        101          2         12 -3.97108095E-03                   1_GWF-(3,10,148)  7.87932055E-02                    1_GWF-(5,90,26)
        102          3          1      -1.4394068                    1_GWF-(1,98,17)       4.9803509                   1_GWF-(1,100,14)
        103          3          2     -0.61902997                    1_GWF-(1,91,30)       1.4211160                   1_GWF-(1,102,11)
        104          3          3     -0.31852450                   1_GWF-(1,102,10)      0.43284533                    1_GWF-(1,91,16)
        105          3          4     -0.19828913                    1_GWF-(1,91,15)      0.25336219                    1_GWF-(1,88,16)
        106          3          5     -0.15412507                    1_GWF-(1,88,16)      0.15927842                    1_GWF-(1,84,17)
        107          3          6     -0.13669787                    1_GWF-(1,86,17)      0.10546000                    1_GWF-(1,80,17)
        108          3          7     -0.12528350                    1_GWF-(1,83,17)  7.17839673E-02                    1_GWF-(1,76,17)
        109          3          8     -0.11431476                    1_GWF-(1,76,17)     -0.13022390                    1_GWF-(1,101,7)
        110          3          9      0.43997706                    1_GWF-(5,91,25)      0.69579316                   1_GWF-(1,11,148)
        111          3         10     -0.55833460                    1_GWF-(5,91,26)      0.10197633                   1_GWF-(1,11,148)
        112          3         11     -0.11473501                    1_GWF-(5,90,27) -6.46884886E-02                   1_GWF-(1,11,148)
        113          3         12  1.08756186E-02                    1_GWF-(5,90,27)  2.90836198E-02                     1_GWF-(8,81,5)
        114          4          1     -0.28778772                    1_GWF-(1,98,17)      0.99591859                   1_GWF-(1,100,14)
        115          4          2     -0.12391899                    1_GWF-(1,91,30)      0.28470562                   1_GWF-(1,102,11)
        116          4          3 -6.70501513E-02                   1_GWF-(1,102,10)  8.47065620E-02                    1_GWF-(1,91,16)
        117          5          1 -6.59869915E-02                    1_GWF-(1,8,143)      0.20443016                   1_GWF-(1,100,14)
        118          5          2 -3.14455885E-02                   1_GWF-(1,101,12)  7.09489904E-02                   1_GWF-(1,102,11)
 --------------------------------------------------------------------------------------------------------------------------------------




 Solution SLN_1 summary
 ----------------------------------------------------------------------
 Total formulate time:  .3125000000000000E-01 seconds
 Total solution time:   .5937500000000000 seconds


 MEMORY MANAGER TOTAL STORAGE BY DATA TYPE, IN MEGABYTES
 -------------------------------
                    ALLOCATED   
 DATA TYPE           MEMORY     
 -------------------------------
 Character        4.53300000E-03
 Logical          4.40000000E-05
 Integer          25.630088     
 Real             43.163984     
 -------------------------------
 Total            68.798649     
 -------------------------------


 
 Run end date and time (yyyy/mm/dd hh:mm:ss): 2025/06/19 16:53:17
 Elapsed run time:  1.433 Seconds
 Normal termination of simulation.
