                                   MODFLOW 6
                U.S. GEOLOGICAL SURVEY MODULAR HYDROLOGIC MODEL
                          GROUNDWATER FLOW MODEL (GWF)
                   VERSION 6.3.0 release candidate 02/06/2022
                               ***DEVELOP MODE***

   MODFLOW 6 compiled Feb 06 2022 02:35:51 with Intel(R) Fortran Intel(R) 64
   Compiler Classic for applications running on Intel(R) 64, Version 2021.5.0
                             Build 20211109_000000

This software is preliminary or provisional and is subject to 
revision. It is being provided to meet the need for timely best 
science. The software has not received final approval by the U.S. 
Geological Survey (USGS). No warranty, expressed or implied, is made 
by the USGS or the U.S. Government as to the functionality of the 
software and related material nor shall the fact of release 
constitute any such warranty. The software is provided on the 
condition that neither the USGS nor the U.S. Government shall be held 
liable for any damages resulting from the authorized or unauthorized 
use of the software.


As a work of the United States Government, this USGS product is 
in the public domain within the United States. You can copy, 
modify, distribute, and perform the work, even for commercial 
purposes, all without asking permission. Additionally, USGS 
waives copyright and related rights in the work worldwide 
through CC0 1.0 Universal Public Domain Dedication 
(https://creativecommons.org/publicdomain/zero/1.0/).

The following GNU Lesser General Public License (LGPL) libraries
are used in this USGS product:

    SPARSKIT version 2.0
      ilut, luson, and qsplit 
      (https://www-users.cse.umn.edu/~saad/software/SPARSKIT/)

    RCM - Reverse Cuthill McKee Ordering
      (https://people.math.sc.edu/Burkardt/f_src/rcm/rcm.html)

    BLAS - Basic Linear Algebra Subprograms Level 1
      (https://people.math.sc.edu/Burkardt/f_src/blas1_d/blas1_d.html)

    SPARSEKIT - Sparse Matrix Utility Package
      amux, dperm, dvperm, rperm, and cperm
      (https://people.sc.fsu.edu/~jburkardt/f77_src/sparsekit/sparsekit.html)

The following BSD-3 License libraries are used in this USGS product:

    Modern Fortran DAG Library
      Copyright (c) 2018, Jacob Williams
      All rights reserved.
      (https://github.com/jacobwilliams/daglib)

MODFLOW 6 compiler options: /O2 /heap-arrays:0 /fpe:0 /traceback /nologo /fpp
/c /module:.\mod_temp\ /object:.\obj_temp\

System command used to initiate simulation:
C:\Users\tfo46\e_Python\a_rbm\rapid-gwm-build\examples\bin\mf6.exe

MODFLOW was compiled using uniform precision.

Real Variables
  KIND: 8
  TINY (smallest non-zero value):    2.225074-308
  HUGE (largest value):    1.797693+308
  PRECISION: 15
  BIT SIZE: 64

Integer Variables
  KIND: 4
  HUGE (largest value): 2147483647
  BIT SIZE: 32

Long Integer Variables
  KIND: 8
  HUGE (largest value): 9223372036854775807
  BIT SIZE: 64

Logical Variables
  KIND: 4
  BIT SIZE: 32
 

 OPENED model1.dis
 FILE TYPE:DIS6                   UNIT 1005   STATUS:OLD                 
 FORMAT:FORMATTED              ACCESS:SEQUENTIAL          
 ACTION:READ                


 OPENED model1.npf
 FILE TYPE:NPF6                   UNIT 1006   STATUS:OLD                 
 FORMAT:FORMATTED              ACCESS:SEQUENTIAL          
 ACTION:READ                


 OPENED model1.ic
 FILE TYPE:IC6                    UNIT 1007   STATUS:OLD                 
 FORMAT:FORMATTED              ACCESS:SEQUENTIAL          
 ACTION:READ                


 OPENED model1.rcha
 FILE TYPE:RCH6                   UNIT 1008   STATUS:OLD                 
 FORMAT:FORMATTED              ACCESS:SEQUENTIAL          
 ACTION:READ                


 OPENED model1.drn
 FILE TYPE:DRN6                   UNIT 1009   STATUS:OLD                 
 FORMAT:FORMATTED              ACCESS:SEQUENTIAL          
 ACTION:READ                


 OPENED model1.wel
 FILE TYPE:WEL6                   UNIT 1010   STATUS:OLD                 
 FORMAT:FORMATTED              ACCESS:SEQUENTIAL          
 ACTION:READ                


 OPENED model1.ghb
 FILE TYPE:GHB6                   UNIT 1011   STATUS:OLD                 
 FORMAT:FORMATTED              ACCESS:SEQUENTIAL          
 ACTION:READ                


 OPENED model1.oc
 FILE TYPE:OC6                    UNIT 1012   STATUS:OLD                 
 FORMAT:FORMATTED              ACCESS:SEQUENTIAL          
 ACTION:READ                

 NAMEFILE OPTIONS:
    FLOWS WILL BE SAVED TO BUDGET FILE SPECIFIED IN OUTPUT CONTROL

 DIS -- STRUCTURED GRID DISCRETIZATION PACKAGE, VERSION 2 : 3/27/2014 - INPUT READ FROM UNIT 1005


 # File generated by Flopy version 3.9.2 on 06/19/2025 at 08:50:27.
 PROCESSING DISCRETIZATION OPTIONS
    MODEL LENGTH UNIT IS METERS
 END OF DISCRETIZATION OPTIONS
 PROCESSING DISCRETIZATION DIMENSIONS
    NLAY =       3
    NROW =      54
    NCOL =      45
 END OF DISCRETIZATION DIMENSIONS
 PROCESSING GRIDDATA
 END PROCESSING GRIDDATA

 NPF -- NODE PROPERTY FLOW PACKAGE, VERSION 1, 3/30/2015 INPUT READ FROM UNIT 1006


 # File generated by Flopy version 3.9.2 on 06/19/2025 at 08:50:27.
 PROCESSING NPF OPTIONS
    SPECIFIC DISCHARGE WILL BE CALCULATED AT CELL CENTERS AND WRITTEN TO DATA-SPDIS IN BUDGET FILE WHEN REQUESTED.
 END OF NPF OPTIONS

 WEL   -- WEL PACKAGE, VERSION 8, 2/22/2014 INPUT READ FROM UNIT 1010
 # File generated by Flopy version 3.9.2 on 06/19/2025 at 08:50:27.

 PROCESSING WEL OPTIONS
 END OF WEL OPTIONS

 PROCESSING WEL DIMENSIONS
    MAXBOUND =      75
 END OF WEL DIMENSIONS

 DRN   -- DRN PACKAGE, VERSION 8, 2/22/2014 INPUT READ FROM UNIT 1009
 # File generated by Flopy version 3.9.2 on 06/19/2025 at 08:50:27.

 PROCESSING DRN OPTIONS
 END OF DRN OPTIONS

 PROCESSING DRN DIMENSIONS
    MAXBOUND =     194
 END OF DRN DIMENSIONS

 GHB   -- GHB PACKAGE, VERSION 8, 2/22/2014 INPUT READ FROM UNIT 1011
 # File generated by Flopy version 3.9.2 on 06/19/2025 at 08:50:27.

 PROCESSING GHB OPTIONS
 END OF GHB OPTIONS

 PROCESSING GHB DIMENSIONS
    MAXBOUND =     240
 END OF GHB DIMENSIONS

 RCH   -- RCH PACKAGE, VERSION 8, 2/22/2014 INPUT READ FROM UNIT 1008
 # File generated by Flopy version 3.9.2 on 06/19/2025 at 08:50:27.

 PROCESSING RCH OPTIONS
    RECHARGE INPUT WILL BE READ AS ARRAY(S).
 END OF RCHA OPTIONS

 IC -- INITIAL CONDITIONS PACKAGE, VERSION 8, 3/28/2015 INPUT READ FROM UNIT 1007
 # File generated by Flopy version 3.9.2 on 06/19/2025 at 08:50:27.
 PROCESSING IC OPTIONS
 END OF IC OPTIONS
 PROCESSING GRIDDATA

     INITIAL HEAD =   8.453825    
 END PROCESSING GRIDDATA
 PROCESSING GRIDDATA

                ICELLTYPE = 0
 K33 not provided.  Assuming K33 = K.
 K22 not provided.  Assuming K22 = K.
 END PROCESSING GRIDDATA
    BINARY GRID INFORMATION WILL BE WRITTEN TO:
      UNIT NUMBER: 1014
      FILE NAME: C:\Users\tfo46\e_Python\a_rbm\rapid-gwm-build\models\model1\model1\model1.dis.grb

 OPENED C:\Users\tfo46\e_Python\a_rbm\rapid-gwm-build\models\model1\model1\model1.dis.grb
 FILE TYPE:DATA(BINARY)   UNIT 1014   STATUS:REPLACE             
 FORMAT:UNFORMATTED            ACCESS:STREAM              
 ACTION:READWRITE           

      THE LAST TIME STEP WILL BE PRINTED
      THE LAST TIME STEP WILL BE PRINTED
 # File generated by Flopy version 3.9.2 on 06/19/2025 at 08:50:27.

 PROCESSING OC OPTIONS

    BUDGET INFORMATION WILL BE WRITTEN TO:
      UNIT NUMBER: 1015
      FILE NAME: model1.cbc

 OPENED model1.cbc
 FILE TYPE:DATA(BINARY)   UNIT 1015   STATUS:REPLACE             
 FORMAT:UNFORMATTED            ACCESS:STREAM              
 ACTION:READWRITE           

    HEAD INFORMATION WILL BE WRITTEN TO:
      UNIT NUMBER: 1016
      FILE NAME: model1.hds

 OPENED model1.hds
 FILE TYPE:DATA(BINARY)   UNIT 1016   STATUS:REPLACE             
 FORMAT:UNFORMATTED            ACCESS:STREAM              
 ACTION:READWRITE           

 END OF OC OPTIONS

start timestep kper="1" kstp="1" mode="normal"


 BEGIN READING OUTPUT CONTROL FOR STRESS PERIOD 1
      ALL TIME STEPS WILL BE SAVED
      ALL TIME STEPS WILL BE SAVED

 END READING OUTPUT CONTROL FOR STRESS PERIOD 1

                 RECHARGE =  0.2000000E-03
 UBDSV1 SAVING     FLOW-JA-FACE ON UNIT   1015 AT TIME STEP      1, STRESS PERIOD      1
 UBDSV06 SAVING       DATA-SPDIS IN MODEL MODEL1           PACKAGE NPF             CONNECTED TO MODEL MODEL1           PACKAGE NPF              ON UNIT   1015 AT TIME STEP      1, STRESS PERIOD      1
 UBDSV06 SAVING              WEL IN MODEL MODEL1           PACKAGE MODEL1          CONNECTED TO MODEL MODEL1           PACKAGE MBR              ON UNIT   1015 AT TIME STEP      1, STRESS PERIOD      1
 UBDSV06 SAVING              DRN IN MODEL MODEL1           PACKAGE MODEL1          CONNECTED TO MODEL MODEL1           PACKAGE DRN_R            ON UNIT   1015 AT TIME STEP      1, STRESS PERIOD      1
 UBDSV06 SAVING              GHB IN MODEL MODEL1           PACKAGE MODEL1          CONNECTED TO MODEL MODEL1           PACKAGE GHB              ON UNIT   1015 AT TIME STEP      1, STRESS PERIOD      1
 UBDSV06 SAVING             RCHA IN MODEL MODEL1           PACKAGE MODEL1          CONNECTED TO MODEL MODEL1           PACKAGE RCH              ON UNIT   1015 AT TIME STEP      1, STRESS PERIOD      1

 HEAD WILL BE SAVED ON UNIT 1016 AT END OF TIME STEP    1, STRESS PERIOD    1


  VOLUME BUDGET FOR ENTIRE MODEL AT END OF TIME STEP    1, STRESS PERIOD   1
  ---------------------------------------------------------------------------------------------------

     CUMULATIVE VOLUME      L**3       RATES FOR THIS TIME STEP      L**3/T          PACKAGE NAME    
     ------------------                 ------------------------                     ----------------

           IN:                                      IN:
           ---                                      ---
                 WEL =         750.0000                   WEL =         750.0000     MBR                              
                 DRN =           0.0000                   DRN =           0.0000     DRN_R                            
                 GHB =           0.0000                   GHB =           0.0000     GHB                              
                RCHA =        4860.0000                  RCHA =        4860.0000     RCH                              

            TOTAL IN =        5610.0000              TOTAL IN =        5610.0000

          OUT:                                     OUT:
          ----                                     ----
                 WEL =           0.0000                   WEL =           0.0000     MBR                              
                 DRN =        5557.6957                   DRN =        5557.6957     DRN_R                            
                 GHB =          54.8754                   GHB =          54.8754     GHB                              
                RCHA =           0.0000                  RCHA =           0.0000     RCH                              

           TOTAL OUT =        5612.5711             TOTAL OUT =        5612.5711

            IN - OUT =          -2.5711              IN - OUT =          -2.5711

 PERCENT DISCREPANCY =          -0.05     PERCENT DISCREPANCY =          -0.05




         TIME SUMMARY AT END OF TIME STEP    1 IN STRESS PERIOD    1
                    SECONDS     MINUTES      HOURS       DAYS        YEARS
                    -----------------------------------------------------------
   TIME STEP LENGTH  86400.      1440.0      24.000      1.0000     2.73785E-03
 STRESS PERIOD TIME  86400.      1440.0      24.000      1.0000     2.73785E-03
         TOTAL TIME  86400.      1440.0      24.000      1.0000     2.73785E-03


end timestep

