                                   MODFLOW 6
                U.S. GEOLOGICAL SURVEY MODULAR HYDROLOGIC MODEL
                          GROUNDWATER FLOW MODEL (GWF)
                   VERSION 6.3.0 release candidate 02/06/2022
                               ***DEVELOP MODE***

   MODFLOW 6 compiled Feb 06 2022 02:35:51 with Intel(R) Fortran Intel(R) 64
   Compiler Classic for applications running on Intel(R) 64, Version 2021.5.0
                             Build 20211109_000000

This software is preliminary or provisional and is subject to 
revision. It is being provided to meet the need for timely best 
science. The software has not received final approval by the U.S. 
Geological Survey (USGS). No warranty, expressed or implied, is made 
by the USGS or the U.S. Government as to the functionality of the 
software and related material nor shall the fact of release 
constitute any such warranty. The software is provided on the 
condition that neither the USGS nor the U.S. Government shall be held 
liable for any damages resulting from the authorized or unauthorized 
use of the software.


As a work of the United States Government, this USGS product is 
in the public domain within the United States. You can copy, 
modify, distribute, and perform the work, even for commercial 
purposes, all without asking permission. Additionally, USGS 
waives copyright and related rights in the work worldwide 
through CC0 1.0 Universal Public Domain Dedication 
(https://creativecommons.org/publicdomain/zero/1.0/).

The following GNU Lesser General Public License (LGPL) libraries
are used in this USGS product:

    SPARSKIT version 2.0
      ilut, luson, and qsplit 
      (https://www-users.cse.umn.edu/~saad/software/SPARSKIT/)

    RCM - Reverse Cuthill McKee Ordering
      (https://people.math.sc.edu/Burkardt/f_src/rcm/rcm.html)

    BLAS - Basic Linear Algebra Subprograms Level 1
      (https://people.math.sc.edu/Burkardt/f_src/blas1_d/blas1_d.html)

    SPARSEKIT - Sparse Matrix Utility Package
      amux, dperm, dvperm, rperm, and cperm
      (https://people.sc.fsu.edu/~jburkardt/f77_src/sparsekit/sparsekit.html)

The following BSD-3 License libraries are used in this USGS product:

    Modern Fortran DAG Library
      Copyright (c) 2018, Jacob Williams
      All rights reserved.
      (https://github.com/jacobwilliams/daglib)

MODFLOW 6 compiler options: /O2 /heap-arrays:0 /fpe:0 /traceback /nologo /fpp
/c /module:.\mod_temp\ /object:.\obj_temp\

System command used to initiate simulation:
mf6.exe

MODFLOW was compiled using uniform precision.

Real Variables
  KIND: 8
  TINY (smallest non-zero value):    2.225074-308
  HUGE (largest value):    1.797693+308
  PRECISION: 15
  BIT SIZE: 64

Integer Variables
  KIND: 4
  HUGE (largest value): 2147483647
  BIT SIZE: 32

Long Integer Variables
  KIND: 8
  HUGE (largest value): 9223372036854775807
  BIT SIZE: 64

Logical Variables
  KIND: 4
  BIT SIZE: 32
 

 OPENED local1.dis
 FILE TYPE:DIS6                   UNIT 1005   STATUS:OLD                 
 FORMAT:FORMATTED              ACCESS:SEQUENTIAL          
 ACTION:READ                


 OPENED local1.npf
 FILE TYPE:NPF6                   UNIT 1006   STATUS:OLD                 
 FORMAT:FORMATTED              ACCESS:SEQUENTIAL          
 ACTION:READ                


 OPENED local1.ic
 FILE TYPE:IC6                    UNIT 1007   STATUS:OLD                 
 FORMAT:FORMATTED              ACCESS:SEQUENTIAL          
 ACTION:READ                


 OPENED local1.rcha
 FILE TYPE:RCH6                   UNIT 1008   STATUS:OLD                 
 FORMAT:FORMATTED              ACCESS:SEQUENTIAL          
 ACTION:READ                


 OPENED local1.drn
 FILE TYPE:DRN6                   UNIT 1009   STATUS:OLD                 
 FORMAT:FORMATTED              ACCESS:SEQUENTIAL          
 ACTION:READ                


 OPENED local1.chd
 FILE TYPE:CHD6                   UNIT 1010   STATUS:OLD                 
 FORMAT:FORMATTED              ACCESS:SEQUENTIAL          
 ACTION:READ                


 OPENED local1_0.chd
 FILE TYPE:CHD6                   UNIT 1011   STATUS:OLD                 
 FORMAT:FORMATTED              ACCESS:SEQUENTIAL          
 ACTION:READ                


 OPENED local1.wel
 FILE TYPE:WEL6                   UNIT 1012   STATUS:OLD                 
 FORMAT:FORMATTED              ACCESS:SEQUENTIAL          
 ACTION:READ                


 OPENED local1_0.wel
 FILE TYPE:WEL6                   UNIT 1013   STATUS:OLD                 
 FORMAT:FORMATTED              ACCESS:SEQUENTIAL          
 ACTION:READ                


 OPENED local1_1.wel
 FILE TYPE:WEL6                   UNIT 1014   STATUS:OLD                 
 FORMAT:FORMATTED              ACCESS:SEQUENTIAL          
 ACTION:READ                


 OPENED local1.oc
 FILE TYPE:OC6                    UNIT 1015   STATUS:OLD                 
 FORMAT:FORMATTED              ACCESS:SEQUENTIAL          
 ACTION:READ                

 NAMEFILE OPTIONS:
    FLOWS WILL BE SAVED TO BUDGET FILE SPECIFIED IN OUTPUT CONTROL

 DIS -- STRUCTURED GRID DISCRETIZATION PACKAGE, VERSION 2 : 3/27/2014 - INPUT READ FROM UNIT 1005


 # File generated by Flopy version 3.9.2 on 06/24/2025 at 13:22:02.
 PROCESSING DISCRETIZATION OPTIONS
    MODEL LENGTH UNIT IS METERS
    XORIGIN SPECIFIED AS     1924290.00000000    
    YORIGIN SPECIFIED AS     5598620.00000000    
 END OF DISCRETIZATION OPTIONS
 PROCESSING DISCRETIZATION DIMENSIONS
    NLAY =       8
    NROW =     121
    NCOL =     151
 END OF DISCRETIZATION DIMENSIONS
 PROCESSING GRIDDATA
 END PROCESSING GRIDDATA

 THE SPECIFIED IDOMAIN RESULTS IN A REDUCED NUMBER OF CELLS.
 NUMBER OF USER NODES: 146168
 NUMBER OF NODES IN SOLUTION: 75177



 NPF -- NODE PROPERTY FLOW PACKAGE, VERSION 1, 3/30/2015 INPUT READ FROM UNIT 1006


 # File generated by Flopy version 3.9.2 on 06/24/2025 at 13:22:03.
 PROCESSING NPF OPTIONS
    SPECIFIC DISCHARGE WILL BE CALCULATED AT CELL CENTERS AND WRITTEN TO DATA-SPDIS IN BUDGET FILE WHEN REQUESTED.
 END OF NPF OPTIONS

 WEL   -- WEL PACKAGE, VERSION 8, 2/22/2014 INPUT READ FROM UNIT 1012
 # File generated by Flopy version 3.9.2 on 06/24/2025 at 13:22:04.

 PROCESSING WEL OPTIONS
 END OF WEL OPTIONS

 PROCESSING WEL DIMENSIONS
    MAXBOUND =    1061
 END OF WEL DIMENSIONS

 WEL   -- WEL PACKAGE, VERSION 8, 2/22/2014 INPUT READ FROM UNIT 1013
 # File generated by Flopy version 3.9.2 on 06/24/2025 at 13:22:04.

 PROCESSING WEL OPTIONS
 END OF WEL OPTIONS

 PROCESSING WEL DIMENSIONS
    MAXBOUND =     852
 END OF WEL DIMENSIONS

 WEL   -- WEL PACKAGE, VERSION 8, 2/22/2014 INPUT READ FROM UNIT 1014
 # File generated by Flopy version 3.9.2 on 06/24/2025 at 13:22:04.

 PROCESSING WEL OPTIONS
 END OF WEL OPTIONS

 PROCESSING WEL DIMENSIONS
    MAXBOUND =     684
 END OF WEL DIMENSIONS

 DRN   -- DRN PACKAGE, VERSION 8, 2/22/2014 INPUT READ FROM UNIT 1009
 # File generated by Flopy version 3.9.2 on 06/24/2025 at 13:22:04.

 PROCESSING DRN OPTIONS
 END OF DRN OPTIONS

 PROCESSING DRN DIMENSIONS
    MAXBOUND =     319
 END OF DRN DIMENSIONS

 RCH   -- RCH PACKAGE, VERSION 8, 2/22/2014 INPUT READ FROM UNIT 1008
 # File generated by Flopy version 3.9.2 on 06/24/2025 at 13:22:04.

 PROCESSING RCH OPTIONS
    RECHARGE INPUT WILL BE READ AS ARRAY(S).
 END OF RCHA OPTIONS

 CHD   -- CHD PACKAGE, VERSION 8, 2/22/2014 INPUT READ FROM UNIT 1010
 # File generated by Flopy version 3.9.2 on 06/24/2025 at 13:22:04.

 PROCESSING CHD OPTIONS
    FLOWS WILL BE SAVED TO BUDGET FILE SPECIFIED IN OUTPUT CONTROL
 END OF CHD OPTIONS

 PROCESSING CHD DIMENSIONS
    MAXBOUND =      81
 END OF CHD DIMENSIONS

 CHD   -- CHD PACKAGE, VERSION 8, 2/22/2014 INPUT READ FROM UNIT 1011
 # File generated by Flopy version 3.9.2 on 06/24/2025 at 13:22:04.

 PROCESSING CHD OPTIONS
    FLOWS WILL BE SAVED TO BUDGET FILE SPECIFIED IN OUTPUT CONTROL
 END OF CHD OPTIONS

 PROCESSING CHD DIMENSIONS
    MAXBOUND =    7562
 END OF CHD DIMENSIONS

 IC -- INITIAL CONDITIONS PACKAGE, VERSION 8, 3/28/2015 INPUT READ FROM UNIT 1007
 # File generated by Flopy version 3.9.2 on 06/24/2025 at 13:22:03.
 PROCESSING IC OPTIONS
 END OF IC OPTIONS
 PROCESSING GRIDDATA
 END PROCESSING GRIDDATA
 PROCESSING GRIDDATA

                ICELLTYPE = 0
 K33 not provided.  Assuming K33 = K.
 K22 not provided.  Assuming K22 = K.
 END PROCESSING GRIDDATA
    BINARY GRID INFORMATION WILL BE WRITTEN TO:
      UNIT NUMBER: 1017
      FILE NAME: C:\Users\tfo46\e_Python\a_rbm\rapid-gwm-build\examples\manual_builds\models\local1\pest\local1\local1.dis.grb

 OPENED C:\Users\tfo46\e_Python\a_rbm\rapid-gwm-build\examples\manual_builds\models\local1\pest\local1\local1.dis.grb
 FILE TYPE:DATA(BINARY)   UNIT 1017   STATUS:REPLACE             
 FORMAT:UNFORMATTED            ACCESS:STREAM              
 ACTION:READWRITE           

      THE LAST TIME STEP WILL BE PRINTED
      THE LAST TIME STEP WILL BE PRINTED
 # File generated by Flopy version 3.9.2 on 06/24/2025 at 13:22:04.

 PROCESSING OC OPTIONS

    BUDGET INFORMATION WILL BE WRITTEN TO:
      UNIT NUMBER: 1018
      FILE NAME: local1.cbc

 OPENED local1.cbc
 FILE TYPE:DATA(BINARY)   UNIT 1018   STATUS:REPLACE             
 FORMAT:UNFORMATTED            ACCESS:STREAM              
 ACTION:READWRITE           

    HEAD INFORMATION WILL BE WRITTEN TO:
      UNIT NUMBER: 1019
      FILE NAME: local1.hds

 OPENED local1.hds
 FILE TYPE:DATA(BINARY)   UNIT 1019   STATUS:REPLACE             
 FORMAT:UNFORMATTED            ACCESS:STREAM              
 ACTION:READWRITE           

 END OF OC OPTIONS

start timestep kper="1" kstp="1" mode="normal"


 BEGIN READING OUTPUT CONTROL FOR STRESS PERIOD 1
      ALL TIME STEPS WILL BE SAVED
      ALL TIME STEPS WILL BE SAVED

 END READING OUTPUT CONTROL FOR STRESS PERIOD 1

 OPENED local1.wel_mbr_stress_period_data.txt
 FILE TYPE:OPEN/CLOSE   UNIT 1020   STATUS:OLD                 
 FORMAT:FORMATTED              ACCESS:SEQUENTIAL          
 ACTION:READ                


 OPENED local1.wel_influx_stress_period_data.txt
 FILE TYPE:OPEN/CLOSE   UNIT 1021   STATUS:OLD                 
 FORMAT:FORMATTED              ACCESS:SEQUENTIAL          
 ACTION:READ                


 OPENED local1.wel_outflux_stress_period_data.txt
 FILE TYPE:OPEN/CLOSE   UNIT 1022   STATUS:OLD                 
 FORMAT:FORMATTED              ACCESS:SEQUENTIAL          
 ACTION:READ                


 OPENED local1.drn_riv_stress_period_data.txt
 FILE TYPE:OPEN/CLOSE   UNIT 1023   STATUS:OLD                 
 FORMAT:FORMATTED              ACCESS:SEQUENTIAL          
 ACTION:READ                


 OPENED local1.rcha_recharge.txt
 FILE TYPE:OPEN/CLOSE   UNIT 1024   STATUS:OLD                 
 FORMAT:FORMATTED              ACCESS:SEQUENTIAL          
 ACTION:READ                


 OPENED local1.chd_conf_stress_period_data.txt
 FILE TYPE:OPEN/CLOSE   UNIT 1025   STATUS:OLD                 
 FORMAT:FORMATTED              ACCESS:SEQUENTIAL          
 ACTION:READ                


 SLN_1 INNER ITERATION SUMMARY
 --------------------------------------------------------------------------------------------------------------------------------------
      TOTAL      OUTER      INNER                                                            MAXIMUM                                   
  ITERATION  ITERATION  ITERATION  MAXIMUM CHANGE      MAXIMUM CHANGE MODEL-(CELLID)        RESIDUAL    MAXIMUM RESIDUAL MODEL-(CELLID)
 --------------------------------------------------------------------------------------------------------------------------------------
          1          1          1       9.0749816                   1_GWF-(3,118,97)       11.728924                   1_GWF-(1,13,116)
          2          1          2      -1.0994444                   1_GWF-(1,43,102)       4.6422726                   1_GWF-(1,45,102)
          3          1          3     -0.96039345                   1_GWF-(1,46,100)       2.7570973                    1_GWF-(1,51,98)
          4          1          4     -0.79011204                    1_GWF-(1,50,97)       1.5289300                   1_GWF-(1,48,103)
          5          1          5     -0.51732649                    1_GWF-(1,53,96)      -1.0438903                    1_GWF-(4,29,35)
          6          1          6     -0.35929731                    1_GWF-(1,84,78)     -0.81145628                   1_GWF-(5,119,98)
          7          1          7     -0.33075000                    1_GWF-(1,88,84)     -0.81528996                    1_GWF-(4,31,35)
          8          1          8      0.30145975                   1_GWF-(4,120,99)      0.84230218                   1_GWF-(1,48,103)
          9          1          9      0.31558009                   1_GWF-(4,120,99)     -0.52542139                   1_GWF-(5,119,98)
         10          1         10      0.24992838                   1_GWF-(5,120,99)     -0.48029426                  1_GWF-(5,109,100)
         11          1         11      0.43165265                   1_GWF-(5,120,99)     -0.48250629                  1_GWF-(5,108,101)
         12          1         12      0.16443879                    1_GWF-(1,91,87)     -0.88241653                    1_GWF-(4,32,35)
         13          1         13 -9.56279205E-02                   1_GWF-(4,120,98)     -0.57853964                  1_GWF-(4,109,100)
         14          1         14       1.4635434                   1_GWF-(5,120,98)     -0.96339370                  1_GWF-(4,115,100)
         15          1         15      0.10502738                  1_GWF-(4,113,101)       1.2227006                  1_GWF-(4,116,100)
         16          1         16 -8.35658792E-02                  1_GWF-(4,113,100)     -0.30924055                  1_GWF-(4,114,100)
         17          1         17 -3.31393339E-02                  1_GWF-(4,116,100)     -0.30544693                  1_GWF-(5,115,100)
         18          1         18     -0.11072394                  1_GWF-(4,120,100)     -0.27390470                  1_GWF-(5,115,100)
         19          1         19     -0.10768716                  1_GWF-(4,120,100)     -0.50080903                  1_GWF-(4,114,100)
         20          1         20      -14.226883                  1_GWF-(4,119,100)       16.627723                  1_GWF-(4,114,100)
         21          1         21       13.594483                  1_GWF-(4,119,100)     -0.62738605                  1_GWF-(4,114,100)
         22          1         22     -0.53209473                  1_GWF-(4,119,100)     -0.35143844                  1_GWF-(5,117,100)
         23          1         23       18.367149                   1_GWF-(5,120,98)       2.1120490                  1_GWF-(4,115,100)
         24          1         24      -19.931852                   1_GWF-(5,120,98)     -0.56680804                  1_GWF-(5,115,100)
         25          1         25      -1.5083672                   1_GWF-(5,120,98)     -0.91539663                  1_GWF-(5,115,100)
         26          1         26       14.811852                   1_GWF-(5,119,98)      0.76212753                  1_GWF-(5,116,100)
         27          1         27       1.5652276                  1_GWF-(4,118,100)       1.7963050                  1_GWF-(4,115,100)
         28          1         28      -11.305238                   1_GWF-(5,120,99)     -0.49091047                  1_GWF-(4,120,100)
         29          1         29       3.6615283                  1_GWF-(4,120,100)  9.96973223E-02                   1_GWF-(5,119,98)
         30          1         30      0.18985372                  1_GWF-(4,119,100)      0.23660200                  1_GWF-(4,119,100)
         31          1         31     -0.17107014                  1_GWF-(4,120,100)      0.10465679                  1_GWF-(4,119,100)
         32          1         32  1.37912127E-02                  1_GWF-(4,120,100)  9.22704677E-02                   1_GWF-(5,119,98)
         33          2          1      -1.8079894                   1_GWF-(1,39,102)       6.6674522                   1_GWF-(1,32,108)
         34          2          2     -0.99203928                   1_GWF-(1,33,108)       2.0730907                   1_GWF-(1,32,105)
         35          2          3     -0.62204330                   1_GWF-(1,33,105)       1.0721232                   1_GWF-(1,18,115)
         36          2          4  5.35805832E-02                    1_GWF-(1,5,148)      0.93459431                    1_GWF-(1,9,143)
         37          2          5     -0.93293496                    1_GWF-(1,5,147)      0.63441048                    1_GWF-(1,9,143)
         38          2          6     -0.38990743                    1_GWF-(1,5,145)      0.40108086                    1_GWF-(1,4,138)
         39          2          7     -0.37165603                    1_GWF-(1,4,139)      0.30163346                    1_GWF-(1,4,132)
         40          2          8     -0.31240226                    1_GWF-(1,4,136)      0.19485744                    1_GWF-(1,5,130)
         41          2          9     -0.23219698                    1_GWF-(1,4,134)      0.12626393                    1_GWF-(1,5,120)
         42          2         10     -0.16491987                    1_GWF-(1,4,132)  9.92673977E-02                   1_GWF-(1,21,118)
         43          2         11     -0.10593997                    1_GWF-(1,4,131)  5.76178489E-02                   1_GWF-(5,119,98)
         44          2         12 -3.99020046E-02                    1_GWF-(1,4,122)     -0.11582652                   1_GWF-(1,22,118)
         45          2         13 -6.51828216E-02                    1_GWF-(1,4,125)  5.24679280E-02                   1_GWF-(5,119,98)
         46          3          1     -0.55360237                   1_GWF-(1,27,110)       2.1871199                   1_GWF-(1,15,115)
         47          3          2     -0.29553749                   1_GWF-(1,17,113)      0.74254114                   1_GWF-(1,17,115)
         48          3          3     -0.33049619                   1_GWF-(1,20,112)      0.41872131                   1_GWF-(1,19,106)
         49          3          4      0.32543252                   1_GWF-(1,20,113)      0.74994206                   1_GWF-(1,22,117)
         50          3          5     -0.61600124                   1_GWF-(1,20,111)      0.18102994                   1_GWF-(1,10,117)
         51          3          6     -0.13927818                   1_GWF-(1,16,112)      0.14156209                    1_GWF-(1,6,115)
         52          3          7     -0.12782612                   1_GWF-(1,10,112)      0.12487196                    1_GWF-(1,5,120)
         53          3          8     -0.11875321                    1_GWF-(1,4,113)  9.94347249E-02                    1_GWF-(1,5,120)
         54          3          9     -0.11717731                    1_GWF-(1,4,113)  7.96612098E-02                     1_GWF-(1,3,98)
         55          3         10     -0.13287076                    1_GWF-(1,4,112)  6.68572653E-02                     1_GWF-(1,4,93)
         56          3         11      0.53899941                    1_GWF-(1,4,111)      0.17891669                    1_GWF-(1,5,120)
         57          3         12     -0.67117489                    1_GWF-(1,4,107)  9.54639201E-02                     1_GWF-(4,7,66)
         58          3         13 -5.20205337E-02                    1_GWF-(1,4,109)  2.83961795E-02                   1_GWF-(5,119,98)
         59          4          1     -0.10332047                   1_GWF-(1,19,146)      0.34208429                   1_GWF-(1,17,146)
         60          4          2 -3.44463844E-02                   1_GWF-(1,19,146)      0.10531825                   1_GWF-(1,21,149)
         61          4          3 -3.60299679E-02                   1_GWF-(1,19,149)  6.34291418E-02                    1_GWF-(5,4,116)
         62          5          1 -3.49768928E-02                     1_GWF-(3,8,93)      0.11525029                     1_GWF-(1,5,87)
         63          5          2 -2.60609697E-02                     1_GWF-(1,4,86)  8.23775337E-02                     1_GWF-(1,5,92)
 --------------------------------------------------------------------------------------------------------------------------------------


 UBDSV1 SAVING     FLOW-JA-FACE ON UNIT   1018 AT TIME STEP      1, STRESS PERIOD      1
 UBDSV06 SAVING       DATA-SPDIS IN MODEL LOCAL1           PACKAGE NPF             CONNECTED TO MODEL LOCAL1           PACKAGE NPF              ON UNIT   1018 AT TIME STEP      1, STRESS PERIOD      1
 UBDSV06 SAVING              WEL IN MODEL LOCAL1           PACKAGE LOCAL1          CONNECTED TO MODEL LOCAL1           PACKAGE MBR              ON UNIT   1018 AT TIME STEP      1, STRESS PERIOD      1
 UBDSV06 SAVING              WEL IN MODEL LOCAL1           PACKAGE LOCAL1          CONNECTED TO MODEL LOCAL1           PACKAGE INFLUX           ON UNIT   1018 AT TIME STEP      1, STRESS PERIOD      1
 UBDSV06 SAVING              WEL IN MODEL LOCAL1           PACKAGE LOCAL1          CONNECTED TO MODEL LOCAL1           PACKAGE OUTFLUX          ON UNIT   1018 AT TIME STEP      1, STRESS PERIOD      1
 UBDSV06 SAVING              DRN IN MODEL LOCAL1           PACKAGE LOCAL1          CONNECTED TO MODEL LOCAL1           PACKAGE DRN_R            ON UNIT   1018 AT TIME STEP      1, STRESS PERIOD      1
 UBDSV06 SAVING             RCHA IN MODEL LOCAL1           PACKAGE LOCAL1          CONNECTED TO MODEL LOCAL1           PACKAGE RCH              ON UNIT   1018 AT TIME STEP      1, STRESS PERIOD      1
 UBDSV06 SAVING              CHD IN MODEL LOCAL1           PACKAGE LOCAL1          CONNECTED TO MODEL LOCAL1           PACKAGE CHD_PW           ON UNIT   1018 AT TIME STEP      1, STRESS PERIOD      1
 UBDSV06 SAVING              CHD IN MODEL LOCAL1           PACKAGE LOCAL1          CONNECTED TO MODEL LOCAL1           PACKAGE CHD_CONF         ON UNIT   1018 AT TIME STEP      1, STRESS PERIOD      1

 HEAD WILL BE SAVED ON UNIT 1019 AT END OF TIME STEP    1, STRESS PERIOD    1


  VOLUME BUDGET FOR ENTIRE MODEL AT END OF TIME STEP    1, STRESS PERIOD   1
  ---------------------------------------------------------------------------------------------------

     CUMULATIVE VOLUME      L**3       RATES FOR THIS TIME STEP      L**3/T          PACKAGE NAME    
     ------------------                 ------------------------                     ----------------

           IN:                                      IN:
           ---                                      ---
                 WEL =        2122.0000                   WEL =        2122.0000     MBR                              
                 WEL =         852.0000                   WEL =         852.0000     INFLUX                           
                 WEL =           0.0000                   WEL =           0.0000     OUTFLUX                          
                 DRN =           0.0000                   DRN =           0.0000     DRN_R                            
                RCHA =          97.4900                  RCHA =          97.4900     RCH                              
                 CHD =         746.5240                   CHD =         746.5240     CHD_PW                           
                 CHD =         216.9080                   CHD =         216.9080     CHD_CONF                         

            TOTAL IN =        4034.9220              TOTAL IN =        4034.9220

          OUT:                                     OUT:
          ----                                     ----
                 WEL =           0.0000                   WEL =           0.0000     MBR                              
                 WEL =           0.0000                   WEL =           0.0000     INFLUX                           
                 WEL =         684.0000                   WEL =         684.0000     OUTFLUX                          
                 DRN =        2396.6520                   DRN =        2396.6520     DRN_R                            
                RCHA =           0.0000                  RCHA =           0.0000     RCH                              
                 CHD =        1095.6119                   CHD =        1095.6119     CHD_PW                           
                 CHD =           3.9217                   CHD =           3.9217     CHD_CONF                         

           TOTAL OUT =        4180.1855             TOTAL OUT =        4180.1855

            IN - OUT =        -145.2636              IN - OUT =        -145.2636

 PERCENT DISCREPANCY =          -3.54     PERCENT DISCREPANCY =          -3.54




         TIME SUMMARY AT END OF TIME STEP    1 IN STRESS PERIOD    1
                    SECONDS     MINUTES      HOURS       DAYS        YEARS
                    -----------------------------------------------------------
   TIME STEP LENGTH  86400.      1440.0      24.000      1.0000     2.73785E-03
 STRESS PERIOD TIME  86400.      1440.0      24.000      1.0000     2.73785E-03
         TOTAL TIME  86400.      1440.0      24.000      1.0000     2.73785E-03


end timestep

