                                   MODFLOW 6
                U.S. GEOLOGICAL SURVEY MODULAR HYDROLOGIC MODEL
                          GROUNDWATER FLOW MODEL (GWF)
                   VERSION 6.3.0 release candidate 02/06/2022
                               ***DEVELOP MODE***

   MODFLOW 6 compiled Feb 06 2022 02:35:51 with Intel(R) Fortran Intel(R) 64
   Compiler Classic for applications running on Intel(R) 64, Version 2021.5.0
                             Build 20211109_000000

This software is preliminary or provisional and is subject to 
revision. It is being provided to meet the need for timely best 
science. The software has not received final approval by the U.S. 
Geological Survey (USGS). No warranty, expressed or implied, is made 
by the USGS or the U.S. Government as to the functionality of the 
software and related material nor shall the fact of release 
constitute any such warranty. The software is provided on the 
condition that neither the USGS nor the U.S. Government shall be held 
liable for any damages resulting from the authorized or unauthorized 
use of the software.


As a work of the United States Government, this USGS product is 
in the public domain within the United States. You can copy, 
modify, distribute, and perform the work, even for commercial 
purposes, all without asking permission. Additionally, USGS 
waives copyright and related rights in the work worldwide 
through CC0 1.0 Universal Public Domain Dedication 
(https://creativecommons.org/publicdomain/zero/1.0/).

The following GNU Lesser General Public License (LGPL) libraries
are used in this USGS product:

    SPARSKIT version 2.0
      ilut, luson, and qsplit 
      (https://www-users.cse.umn.edu/~saad/software/SPARSKIT/)

    RCM - Reverse Cuthill McKee Ordering
      (https://people.math.sc.edu/Burkardt/f_src/rcm/rcm.html)

    BLAS - Basic Linear Algebra Subprograms Level 1
      (https://people.math.sc.edu/Burkardt/f_src/blas1_d/blas1_d.html)

    SPARSEKIT - Sparse Matrix Utility Package
      amux, dperm, dvperm, rperm, and cperm
      (https://people.sc.fsu.edu/~jburkardt/f77_src/sparsekit/sparsekit.html)

The following BSD-3 License libraries are used in this USGS product:

    Modern Fortran DAG Library
      Copyright (c) 2018, Jacob Williams
      All rights reserved.
      (https://github.com/jacobwilliams/daglib)

MODFLOW 6 compiler options: /O2 /heap-arrays:0 /fpe:0 /traceback /nologo /fpp
/c /module:.\mod_temp\ /object:.\obj_temp\

System command used to initiate simulation:
C:\Users\tfo46\e_Python\a_rbm\rapid-gwm-build\examples\bin\mf6.exe

MODFLOW was compiled using uniform precision.

Real Variables
  KIND: 8
  TINY (smallest non-zero value):    2.225074-308
  HUGE (largest value):    1.797693+308
  PRECISION: 15
  BIT SIZE: 64

Integer Variables
  KIND: 4
  HUGE (largest value): 2147483647
  BIT SIZE: 32

Long Integer Variables
  KIND: 8
  HUGE (largest value): 9223372036854775807
  BIT SIZE: 64

Logical Variables
  KIND: 4
  BIT SIZE: 32
 

 OPENED local1.dis
 FILE TYPE:DIS6                   UNIT 1005   STATUS:OLD                 
 FORMAT:FORMATTED              ACCESS:SEQUENTIAL          
 ACTION:READ                


 OPENED local1.npf
 FILE TYPE:NPF6                   UNIT 1006   STATUS:OLD                 
 FORMAT:FORMATTED              ACCESS:SEQUENTIAL          
 ACTION:READ                


 OPENED local1.ic
 FILE TYPE:IC6                    UNIT 1007   STATUS:OLD                 
 FORMAT:FORMATTED              ACCESS:SEQUENTIAL          
 ACTION:READ                


 OPENED local1.rcha
 FILE TYPE:RCH6                   UNIT 1008   STATUS:OLD                 
 FORMAT:FORMATTED              ACCESS:SEQUENTIAL          
 ACTION:READ                


 OPENED local1.drn
 FILE TYPE:DRN6                   UNIT 1009   STATUS:OLD                 
 FORMAT:FORMATTED              ACCESS:SEQUENTIAL          
 ACTION:READ                


 OPENED local1.chd
 FILE TYPE:CHD6                   UNIT 1010   STATUS:OLD                 
 FORMAT:FORMATTED              ACCESS:SEQUENTIAL          
 ACTION:READ                


 OPENED local1_0.chd
 FILE TYPE:CHD6                   UNIT 1011   STATUS:OLD                 
 FORMAT:FORMATTED              ACCESS:SEQUENTIAL          
 ACTION:READ                


 OPENED local1.wel
 FILE TYPE:WEL6                   UNIT 1012   STATUS:OLD                 
 FORMAT:FORMATTED              ACCESS:SEQUENTIAL          
 ACTION:READ                


 OPENED local1_0.wel
 FILE TYPE:WEL6                   UNIT 1013   STATUS:OLD                 
 FORMAT:FORMATTED              ACCESS:SEQUENTIAL          
 ACTION:READ                


 OPENED local1_1.wel
 FILE TYPE:WEL6                   UNIT 1014   STATUS:OLD                 
 FORMAT:FORMATTED              ACCESS:SEQUENTIAL          
 ACTION:READ                


 OPENED local1.oc
 FILE TYPE:OC6                    UNIT 1015   STATUS:OLD                 
 FORMAT:FORMATTED              ACCESS:SEQUENTIAL          
 ACTION:READ                

 NAMEFILE OPTIONS:
    FLOWS WILL BE SAVED TO BUDGET FILE SPECIFIED IN OUTPUT CONTROL

 DIS -- STRUCTURED GRID DISCRETIZATION PACKAGE, VERSION 2 : 3/27/2014 - INPUT READ FROM UNIT 1005


 # File generated by Flopy version 3.9.2 on 06/24/2025 at 10:33:40.
 PROCESSING DISCRETIZATION OPTIONS
    MODEL LENGTH UNIT IS METERS
    XORIGIN SPECIFIED AS     1924290.00000000    
    YORIGIN SPECIFIED AS     5598620.00000000    
 END OF DISCRETIZATION OPTIONS
 PROCESSING DISCRETIZATION DIMENSIONS
    NLAY =       8
    NROW =     121
    NCOL =     151
 END OF DISCRETIZATION DIMENSIONS
 PROCESSING GRIDDATA

 OPENED local1.dis_delr.txt
 FILE TYPE:OPEN/CLOSE   UNIT 1017   STATUS:OLD                 
 FORMAT:FORMATTED              ACCESS:SEQUENTIAL          
 ACTION:READ                


 OPENED local1.dis_delc.txt
 FILE TYPE:OPEN/CLOSE   UNIT 1018   STATUS:OLD                 
 FORMAT:FORMATTED              ACCESS:SEQUENTIAL          
 ACTION:READ                


 OPENED local1.dis_top.txt
 FILE TYPE:OPEN/CLOSE   UNIT 1019   STATUS:OLD                 
 FORMAT:FORMATTED              ACCESS:SEQUENTIAL          
 ACTION:READ                


 OPENED local1.dis_botm_layer1.txt
 FILE TYPE:OPEN/CLOSE   UNIT 1020   STATUS:OLD                 
 FORMAT:FORMATTED              ACCESS:SEQUENTIAL          
 ACTION:READ                


 OPENED local1.dis_botm_layer2.txt
 FILE TYPE:OPEN/CLOSE   UNIT 1021   STATUS:OLD                 
 FORMAT:FORMATTED              ACCESS:SEQUENTIAL          
 ACTION:READ                


 OPENED local1.dis_botm_layer3.txt
 FILE TYPE:OPEN/CLOSE   UNIT 1022   STATUS:OLD                 
 FORMAT:FORMATTED              ACCESS:SEQUENTIAL          
 ACTION:READ                


 OPENED local1.dis_botm_layer4.txt
 FILE TYPE:OPEN/CLOSE   UNIT 1023   STATUS:OLD                 
 FORMAT:FORMATTED              ACCESS:SEQUENTIAL          
 ACTION:READ                


 OPENED local1.dis_botm_layer5.txt
 FILE TYPE:OPEN/CLOSE   UNIT 1024   STATUS:OLD                 
 FORMAT:FORMATTED              ACCESS:SEQUENTIAL          
 ACTION:READ                


 OPENED local1.dis_botm_layer6.txt
 FILE TYPE:OPEN/CLOSE   UNIT 1025   STATUS:OLD                 
 FORMAT:FORMATTED              ACCESS:SEQUENTIAL          
 ACTION:READ                


 OPENED local1.dis_botm_layer7.txt
 FILE TYPE:OPEN/CLOSE   UNIT 1026   STATUS:OLD                 
 FORMAT:FORMATTED              ACCESS:SEQUENTIAL          
 ACTION:READ                


 OPENED local1.dis_botm_layer8.txt
 FILE TYPE:OPEN/CLOSE   UNIT 1027   STATUS:OLD                 
 FORMAT:FORMATTED              ACCESS:SEQUENTIAL          
 ACTION:READ                


 OPENED local1.dis_idomain_layer1.txt
 FILE TYPE:OPEN/CLOSE   UNIT 1028   STATUS:OLD                 
 FORMAT:FORMATTED              ACCESS:SEQUENTIAL          
 ACTION:READ                


 OPENED local1.dis_idomain_layer2.txt
 FILE TYPE:OPEN/CLOSE   UNIT 1029   STATUS:OLD                 
 FORMAT:FORMATTED              ACCESS:SEQUENTIAL          
 ACTION:READ                


 OPENED local1.dis_idomain_layer3.txt
 FILE TYPE:OPEN/CLOSE   UNIT 1030   STATUS:OLD                 
 FORMAT:FORMATTED              ACCESS:SEQUENTIAL          
 ACTION:READ                


 OPENED local1.dis_idomain_layer4.txt
 FILE TYPE:OPEN/CLOSE   UNIT 1031   STATUS:OLD                 
 FORMAT:FORMATTED              ACCESS:SEQUENTIAL          
 ACTION:READ                


 OPENED local1.dis_idomain_layer5.txt
 FILE TYPE:OPEN/CLOSE   UNIT 1032   STATUS:OLD                 
 FORMAT:FORMATTED              ACCESS:SEQUENTIAL          
 ACTION:READ                


 OPENED local1.dis_idomain_layer6.txt
 FILE TYPE:OPEN/CLOSE   UNIT 1033   STATUS:OLD                 
 FORMAT:FORMATTED              ACCESS:SEQUENTIAL          
 ACTION:READ                


 OPENED local1.dis_idomain_layer7.txt
 FILE TYPE:OPEN/CLOSE   UNIT 1034   STATUS:OLD                 
 FORMAT:FORMATTED              ACCESS:SEQUENTIAL          
 ACTION:READ                


 OPENED local1.dis_idomain_layer8.txt
 FILE TYPE:OPEN/CLOSE   UNIT 1035   STATUS:OLD                 
 FORMAT:FORMATTED              ACCESS:SEQUENTIAL          
 ACTION:READ                

 END PROCESSING GRIDDATA

 THE SPECIFIED IDOMAIN RESULTS IN A REDUCED NUMBER OF CELLS.
 NUMBER OF USER NODES: 146168
 NUMBER OF NODES IN SOLUTION: 75177



 NPF -- NODE PROPERTY FLOW PACKAGE, VERSION 1, 3/30/2015 INPUT READ FROM UNIT 1006


 # File generated by Flopy version 3.9.2 on 06/24/2025 at 10:33:40.
 PROCESSING NPF OPTIONS
    SPECIFIC DISCHARGE WILL BE CALCULATED AT CELL CENTERS AND WRITTEN TO DATA-SPDIS IN BUDGET FILE WHEN REQUESTED.
 END OF NPF OPTIONS

 WEL   -- WEL PACKAGE, VERSION 8, 2/22/2014 INPUT READ FROM UNIT 1012
 # File generated by Flopy version 3.9.2 on 06/24/2025 at 10:33:41.

 PROCESSING WEL OPTIONS
 END OF WEL OPTIONS

 PROCESSING WEL DIMENSIONS
    MAXBOUND =    1061
 END OF WEL DIMENSIONS

 WEL   -- WEL PACKAGE, VERSION 8, 2/22/2014 INPUT READ FROM UNIT 1013
 # File generated by Flopy version 3.9.2 on 06/24/2025 at 10:33:41.

 PROCESSING WEL OPTIONS
 END OF WEL OPTIONS

 PROCESSING WEL DIMENSIONS
    MAXBOUND =     852
 END OF WEL DIMENSIONS

 WEL   -- WEL PACKAGE, VERSION 8, 2/22/2014 INPUT READ FROM UNIT 1014
 # File generated by Flopy version 3.9.2 on 06/24/2025 at 10:33:41.

 PROCESSING WEL OPTIONS
 END OF WEL OPTIONS

 PROCESSING WEL DIMENSIONS
    MAXBOUND =     684
 END OF WEL DIMENSIONS

 DRN   -- DRN PACKAGE, VERSION 8, 2/22/2014 INPUT READ FROM UNIT 1009
 # File generated by Flopy version 3.9.2 on 06/24/2025 at 10:33:40.

 PROCESSING DRN OPTIONS
 END OF DRN OPTIONS

 PROCESSING DRN DIMENSIONS
    MAXBOUND =     319
 END OF DRN DIMENSIONS

 RCH   -- RCH PACKAGE, VERSION 8, 2/22/2014 INPUT READ FROM UNIT 1008
 # File generated by Flopy version 3.9.2 on 06/24/2025 at 10:33:40.

 PROCESSING RCH OPTIONS
    RECHARGE INPUT WILL BE READ AS ARRAY(S).
 END OF RCHA OPTIONS

 CHD   -- CHD PACKAGE, VERSION 8, 2/22/2014 INPUT READ FROM UNIT 1010
 # File generated by Flopy version 3.9.2 on 06/24/2025 at 10:33:41.

 PROCESSING CHD OPTIONS
    FLOWS WILL BE SAVED TO BUDGET FILE SPECIFIED IN OUTPUT CONTROL
 END OF CHD OPTIONS

 PROCESSING CHD DIMENSIONS
    MAXBOUND =      81
 END OF CHD DIMENSIONS

 CHD   -- CHD PACKAGE, VERSION 8, 2/22/2014 INPUT READ FROM UNIT 1011
 # File generated by Flopy version 3.9.2 on 06/24/2025 at 10:33:41.

 PROCESSING CHD OPTIONS
    FLOWS WILL BE SAVED TO BUDGET FILE SPECIFIED IN OUTPUT CONTROL
 END OF CHD OPTIONS

 PROCESSING CHD DIMENSIONS
    MAXBOUND =    7562
 END OF CHD DIMENSIONS

 IC -- INITIAL CONDITIONS PACKAGE, VERSION 8, 3/28/2015 INPUT READ FROM UNIT 1007
 # File generated by Flopy version 3.9.2 on 06/24/2025 at 10:33:40.
 PROCESSING IC OPTIONS
 END OF IC OPTIONS
 PROCESSING GRIDDATA

 OPENED local1.ic_strt.txt
 FILE TYPE:OPEN/CLOSE   UNIT 1036   STATUS:OLD                 
 FORMAT:FORMATTED              ACCESS:SEQUENTIAL          
 ACTION:READ                

 END PROCESSING GRIDDATA
 PROCESSING GRIDDATA
