                                   MODFLOW 6
                U.S. GEOLOGICAL SURVEY MODULAR HYDROLOGIC MODEL
                   VERSION 6.3.0 release candidate 02/06/2022
                               ***DEVELOP MODE***

   MODFLOW 6 compiled Feb 06 2022 02:35:51 with Intel(R) Fortran Intel(R) 64
   Compiler Classic for applications running on Intel(R) 64, Version 2021.5.0
                             Build 20211109_000000

This software is preliminary or provisional and is subject to 
revision. It is being provided to meet the need for timely best 
science. The software has not received final approval by the U.S. 
Geological Survey (USGS). No warranty, expressed or implied, is made 
by the USGS or the U.S. Government as to the functionality of the 
software and related material nor shall the fact of release 
constitute any such warranty. The software is provided on the 
condition that neither the USGS nor the U.S. Government shall be held 
liable for any damages resulting from the authorized or unauthorized 
use of the software.


As a work of the United States Government, this USGS product is 
in the public domain within the United States. You can copy, 
modify, distribute, and perform the work, even for commercial 
purposes, all without asking permission. Additionally, USGS 
waives copyright and related rights in the work worldwide 
through CC0 1.0 Universal Public Domain Dedication 
(https://creativecommons.org/publicdomain/zero/1.0/).

The following GNU Lesser General Public License (LGPL) libraries
are used in this USGS product:

    SPARSKIT version 2.0
      ilut, luson, and qsplit 
      (https://www-users.cse.umn.edu/~saad/software/SPARSKIT/)

    RCM - Reverse Cuthill McKee Ordering
      (https://people.math.sc.edu/Burkardt/f_src/rcm/rcm.html)

    BLAS - Basic Linear Algebra Subprograms Level 1
      (https://people.math.sc.edu/Burkardt/f_src/blas1_d/blas1_d.html)

    SPARSEKIT - Sparse Matrix Utility Package
      amux, dperm, dvperm, rperm, and cperm
      (https://people.sc.fsu.edu/~jburkardt/f77_src/sparsekit/sparsekit.html)

The following BSD-3 License libraries are used in this USGS product:

    Modern Fortran DAG Library
      Copyright (c) 2018, Jacob Williams
      All rights reserved.
      (https://github.com/jacobwilliams/daglib)

MODFLOW 6 compiler options: /O2 /heap-arrays:0 /fpe:0 /traceback /nologo /fpp
/c /module:.\mod_temp\ /object:.\obj_temp\

System command used to initiate simulation:
C:\Users\tfo46\e_Python\a_rbm\rapid-gwm-build\examples\bin\mf6.exe

MODFLOW was compiled using uniform precision.

Real Variables
  KIND: 8
  TINY (smallest non-zero value):    2.225074-308
  HUGE (largest value):    1.797693+308
  PRECISION: 15
  BIT SIZE: 64

Integer Variables
  KIND: 4
  HUGE (largest value): 2147483647
  BIT SIZE: 32

Long Integer Variables
  KIND: 8
  HUGE (largest value): 9223372036854775807
  BIT SIZE: 64

Logical Variables
  KIND: 4
  BIT SIZE: 32
 

 OPENED mfsim.nam
 FILE TYPE:NAM   UNIT 1001   STATUS:OLD                 
 FORMAT:FORMATTED              ACCESS:SEQUENTIAL          
 ACTION:READ                

 # File generated by Flopy version 3.9.2 on 06/24/2025 at 13:22:02.

 READING SIMULATION OPTIONS
 END OF SIMULATION OPTIONS

 READING SIMULATION TIMING

 OPENED local1.tdis
 FILE TYPE:TDIS   UNIT 1002   STATUS:OLD                 
 FORMAT:FORMATTED              ACCESS:SEQUENTIAL          
 ACTION:READ                


 TDIS -- TEMPORAL DISCRETIZATION PACKAGE,
 VERSION 1 : 11/13/2014 - INPUT READ FROM UNIT 1002
 # File generated by Flopy version 3.9.2 on 06/24/2025 at 13:22:02.
 PROCESSING TDIS OPTIONS
    SIMULATION TIME UNIT IS DAYS
 END OF TDIS OPTIONS
 PROCESSING TDIS DIMENSIONS
    1 STRESS PERIOD(S) IN SIMULATION
 END OF TDIS DIMENSIONS
 PROCESSING TDIS PERIODDATA


 STRESS PERIOD     LENGTH       TIME STEPS     MULTIPLIER FOR DELT
 ----------------------------------------------------------------------------
        1         1.000000          1                    1.000
 END OF TDIS PERIODDATA
 END OF SIMULATION TIMING

 READING SIMULATION MODELS
    GWF6 model LOCAL1 will be created as model 1
 END OF SIMULATION MODELS

 READING SIMULATION EXCHANGES
 END OF SIMULATION EXCHANGES

 READING SOLUTIONGROUP

 Creating solution: SLN_1           

 OPENED local1.ims
 FILE TYPE:IMS   UNIT 1016   STATUS:OLD                 
 FORMAT:FORMATTED              ACCESS:SEQUENTIAL          
 ACTION:READ                

 END OF SIMULATION SOLUTIONGROUP

PROCESSING MODEL CONNECTIONS

 IMS -- ITERATIVE MODEL SOLUTION PACKAGE, VERSION 6, 4/28/2017
         INPUT READ FROM UNIT 1016
 # File generated by Flopy version 3.9.2 on 06/24/2025 at 13:22:02.

 PROCESSING IMS OPTIONS
 COMPLEX OPTION:
 DEFAULT SOLVER INPUT VALUES REFLECT STRONGLY NONLINEAR MODEL
 END OF IMS OPTIONS
 **UNDER-RELAXATION WILL BE USED***
 
 ***IMS LINEAR SOLVER WILL BE USED***

 IMSLINEAR -- UNSTRUCTURED LINEAR SOLUTION PACKAGE, VERSION 8, 04/28/2017
 
 An asymmetric matrix will be solved

 OUTER ITERATION CONVERGENCE CRITERION    (DVCLOSE) =    0.100000E+00
 MAXIMUM NUMBER OF OUTER ITERATIONS        (MXITER) = 100
 SOLVER PRINTOUT INDEX                     (IPRIMS) = 2
 NONLINEAR ITERATION METHOD            (NONLINMETH) = 3
 LINEAR SOLUTION METHOD                   (LINMETH) = 1
 UNDER-RELAXATION WEIGHT REDUCTION FACTOR   (THETA) =    0.800000E+00
 UNDER-RELAXATION WEIGHT INCREASE INCREMENT (KAPPA) =    0.100000E-03
 UNDER-RELAXATION PREVIOUS HISTORY FACTOR   (GAMMA) =    0.000000E+00
 UNDER-RELAXATION MOMENTUM TERM         (AMOMENTUM) =    0.000000E+00
 MAXIMUM NUMBER OF BACKTRACKS            (NUMTRACK) = 20
 BACKTRACKING TOLERANCE FACTOR               (BTOL) =    0.105000E+01
 BACKTRACKING REDUCTION FACTOR             (BREDUC) =    0.100000E+00
 BACKTRACKING RESIDUAL LIMIT              (RES_LIM) =    0.200000E-02

       SOLUTION BY THE BICONJUGATE-GRADIENT STABILIZED METHOD
 ------------------------------------------------------------------
 MAXIMUM OF 100 CALLS OF SOLUTION ROUTINE
 MAXIMUM OF 500 INTERNAL ITERATIONS PER CALL TO SOLUTION ROUTINE
 LINEAR ACCELERATION METHOD            = BCGS      
 MATRIX PRECONDITIONING TYPE           = INCOMPLETE LUT      
 MATRIX SCALING APPROACH               = NO SCALING          
 MATRIX REORDERING APPROACH            = ORIGINAL ORDERING        
 NUMBER OF ORTHOGONALIZATIONS          = 2
 HEAD CHANGE CRITERION FOR CLOSURE     =    0.10000E+00
 RESIDUAL CHANGE CRITERION FOR CLOSURE =    0.10000E+00
 RESIDUAL CONVERGENCE OPTION           = 0
 RESIDUAL CONVERGENCE NORM             = INFINITY NORM   
 RELAXATION FACTOR                     =    0.00000E+00
 NUMBER OF LEVELS                      =              5
 DROP TOLERANCE                        =    0.10000E-03


 
    Solving:  Stress period:     1    Time step:     1
 
1
                            STRESS PERIOD NO. 1, LENGTH =   1.000000    
                            -----------------------------------------------
                            NUMBER OF TIME STEPS = 1
                            MULTIPLIER FOR DELT =     1.000
                            INITIAL TIME STEP SIZE =   1.000000    

 SLN_1 OUTER ITERATION SUMMARY
 ----------------------------------------------------------------------------------------------------------------------------------------------------------------
                                OUTER      INNER  BACKTRACK  BACKTRACK        INCOMING        OUTGOING                    STEP   MAXIMUM CHANGE MODEL-(CELLID) OR
 OUTER ITERATION STEP       ITERATION  ITERATION       FLAG ITERATIONS        RESIDUAL        RESIDUAL  MAXIMUM CHANGE SUCCESS             MODEL-PACKAGE-(NUMBER)
 ----------------------------------------------------------------------------------------------------------------------------------------------------------------
 Backtracking                       1                     0          0       10469.058       10469.058                       *                                   
 Model                              1         32                                                             12.627081                          1_GWF-(3,121,100)
 Backtracking                       2                     0          0       301.92977       301.92977                       *                                   
 Model                              2         13                                                            -3.9342782                            1_GWF-(1,5,150)
 Backtracking                       3                     0          0       75.155094       75.155094                       *                                   
 Model                              3         13                                                            -1.8797905                           1_GWF-(1,16,113)
 Backtracking                       4                     0          0       50.070534       50.070534                       *                                   
 Model                              4          3                                                           -0.16971518                           1_GWF-(1,19,146)
 Backtracking                       5                     0          0       14.177152       14.177152                       *                                   
 Model                              5          2                                                       -4.75255220E-02       *                     1_GWF-(1,3,89)
 ----------------------------------------------------------------------------------------------------------------------------------------------------------------


 5 CALLS TO NUMERICAL SOLUTION IN TIME STEP 1 STRESS PERIOD 1
 63 TOTAL ITERATIONS

 SLN_1 INNER ITERATION SUMMARY
 --------------------------------------------------------------------------------------------------------------------------------------
      TOTAL      OUTER      INNER                                                            MAXIMUM                                   
  ITERATION  ITERATION  ITERATION  MAXIMUM CHANGE      MAXIMUM CHANGE MODEL-(CELLID)        RESIDUAL    MAXIMUM RESIDUAL MODEL-(CELLID)
 --------------------------------------------------------------------------------------------------------------------------------------
          1          1          1       9.0749816                   1_GWF-(3,118,97)       11.728924                   1_GWF-(1,13,116)
          2          1          2      -1.0994444                   1_GWF-(1,43,102)       4.6422726                   1_GWF-(1,45,102)
          3          1          3     -0.96039345                   1_GWF-(1,46,100)       2.7570973                    1_GWF-(1,51,98)
          4          1          4     -0.79011204                    1_GWF-(1,50,97)       1.5289300                   1_GWF-(1,48,103)
          5          1          5     -0.51732649                    1_GWF-(1,53,96)      -1.0438903                    1_GWF-(4,29,35)
          6          1          6     -0.35929731                    1_GWF-(1,84,78)     -0.81145628                   1_GWF-(5,119,98)
          7          1          7     -0.33075000                    1_GWF-(1,88,84)     -0.81528996                    1_GWF-(4,31,35)
          8          1          8      0.30145975                   1_GWF-(4,120,99)      0.84230218                   1_GWF-(1,48,103)
          9          1          9      0.31558009                   1_GWF-(4,120,99)     -0.52542139                   1_GWF-(5,119,98)
         10          1         10      0.24992838                   1_GWF-(5,120,99)     -0.48029426                  1_GWF-(5,109,100)
         11          1         11      0.43165265                   1_GWF-(5,120,99)     -0.48250629                  1_GWF-(5,108,101)
         12          1         12      0.16443879                    1_GWF-(1,91,87)     -0.88241653                    1_GWF-(4,32,35)
         13          1         13 -9.56279205E-02                   1_GWF-(4,120,98)     -0.57853964                  1_GWF-(4,109,100)
         14          1         14       1.4635434                   1_GWF-(5,120,98)     -0.96339370                  1_GWF-(4,115,100)
         15          1         15      0.10502738                  1_GWF-(4,113,101)       1.2227006                  1_GWF-(4,116,100)
         16          1         16 -8.35658792E-02                  1_GWF-(4,113,100)     -0.30924055                  1_GWF-(4,114,100)
         17          1         17 -3.31393339E-02                  1_GWF-(4,116,100)     -0.30544693                  1_GWF-(5,115,100)
         18          1         18     -0.11072394                  1_GWF-(4,120,100)     -0.27390470                  1_GWF-(5,115,100)
         19          1         19     -0.10768716                  1_GWF-(4,120,100)     -0.50080903                  1_GWF-(4,114,100)
         20          1         20      -14.226883                  1_GWF-(4,119,100)       16.627723                  1_GWF-(4,114,100)
         21          1         21       13.594483                  1_GWF-(4,119,100)     -0.62738605                  1_GWF-(4,114,100)
         22          1         22     -0.53209473                  1_GWF-(4,119,100)     -0.35143844                  1_GWF-(5,117,100)
         23          1         23       18.367149                   1_GWF-(5,120,98)       2.1120490                  1_GWF-(4,115,100)
         24          1         24      -19.931852                   1_GWF-(5,120,98)     -0.56680804                  1_GWF-(5,115,100)
         25          1         25      -1.5083672                   1_GWF-(5,120,98)     -0.91539663                  1_GWF-(5,115,100)
         26          1         26       14.811852                   1_GWF-(5,119,98)      0.76212753                  1_GWF-(5,116,100)
         27          1         27       1.5652276                  1_GWF-(4,118,100)       1.7963050                  1_GWF-(4,115,100)
         28          1         28      -11.305238                   1_GWF-(5,120,99)     -0.49091047                  1_GWF-(4,120,100)
         29          1         29       3.6615283                  1_GWF-(4,120,100)  9.96973223E-02                   1_GWF-(5,119,98)
         30          1         30      0.18985372                  1_GWF-(4,119,100)      0.23660200                  1_GWF-(4,119,100)
         31          1         31     -0.17107014                  1_GWF-(4,120,100)      0.10465679                  1_GWF-(4,119,100)
         32          1         32  1.37912127E-02                  1_GWF-(4,120,100)  9.22704677E-02                   1_GWF-(5,119,98)
         33          2          1      -1.8079894                   1_GWF-(1,39,102)       6.6674522                   1_GWF-(1,32,108)
         34          2          2     -0.99203928                   1_GWF-(1,33,108)       2.0730907                   1_GWF-(1,32,105)
         35          2          3     -0.62204330                   1_GWF-(1,33,105)       1.0721232                   1_GWF-(1,18,115)
         36          2          4  5.35805832E-02                    1_GWF-(1,5,148)      0.93459431                    1_GWF-(1,9,143)
         37          2          5     -0.93293496                    1_GWF-(1,5,147)      0.63441048                    1_GWF-(1,9,143)
         38          2          6     -0.38990743                    1_GWF-(1,5,145)      0.40108086                    1_GWF-(1,4,138)
         39          2          7     -0.37165603                    1_GWF-(1,4,139)      0.30163346                    1_GWF-(1,4,132)
         40          2          8     -0.31240226                    1_GWF-(1,4,136)      0.19485744                    1_GWF-(1,5,130)
         41          2          9     -0.23219698                    1_GWF-(1,4,134)      0.12626393                    1_GWF-(1,5,120)
         42          2         10     -0.16491987                    1_GWF-(1,4,132)  9.92673977E-02                   1_GWF-(1,21,118)
         43          2         11     -0.10593997                    1_GWF-(1,4,131)  5.76178489E-02                   1_GWF-(5,119,98)
         44          2         12 -3.99020046E-02                    1_GWF-(1,4,122)     -0.11582652                   1_GWF-(1,22,118)
         45          2         13 -6.51828216E-02                    1_GWF-(1,4,125)  5.24679280E-02                   1_GWF-(5,119,98)
         46          3          1     -0.55360237                   1_GWF-(1,27,110)       2.1871199                   1_GWF-(1,15,115)
         47          3          2     -0.29553749                   1_GWF-(1,17,113)      0.74254114                   1_GWF-(1,17,115)
         48          3          3     -0.33049619                   1_GWF-(1,20,112)      0.41872131                   1_GWF-(1,19,106)
         49          3          4      0.32543252                   1_GWF-(1,20,113)      0.74994206                   1_GWF-(1,22,117)
         50          3          5     -0.61600124                   1_GWF-(1,20,111)      0.18102994                   1_GWF-(1,10,117)
         51          3          6     -0.13927818                   1_GWF-(1,16,112)      0.14156209                    1_GWF-(1,6,115)
         52          3          7     -0.12782612                   1_GWF-(1,10,112)      0.12487196                    1_GWF-(1,5,120)
         53          3          8     -0.11875321                    1_GWF-(1,4,113)  9.94347249E-02                    1_GWF-(1,5,120)
         54          3          9     -0.11717731                    1_GWF-(1,4,113)  7.96612098E-02                     1_GWF-(1,3,98)
         55          3         10     -0.13287076                    1_GWF-(1,4,112)  6.68572653E-02                     1_GWF-(1,4,93)
         56          3         11      0.53899941                    1_GWF-(1,4,111)      0.17891669                    1_GWF-(1,5,120)
         57          3         12     -0.67117489                    1_GWF-(1,4,107)  9.54639201E-02                     1_GWF-(4,7,66)
         58          3         13 -5.20205337E-02                    1_GWF-(1,4,109)  2.83961795E-02                   1_GWF-(5,119,98)
         59          4          1     -0.10332047                   1_GWF-(1,19,146)      0.34208429                   1_GWF-(1,17,146)
         60          4          2 -3.44463844E-02                   1_GWF-(1,19,146)      0.10531825                   1_GWF-(1,21,149)
         61          4          3 -3.60299679E-02                   1_GWF-(1,19,149)  6.34291418E-02                    1_GWF-(5,4,116)
         62          5          1 -3.49768928E-02                     1_GWF-(3,8,93)      0.11525029                     1_GWF-(1,5,87)
         63          5          2 -2.60609697E-02                     1_GWF-(1,4,86)  8.23775337E-02                     1_GWF-(1,5,92)
 --------------------------------------------------------------------------------------------------------------------------------------




 Solution SLN_1 summary
 ----------------------------------------------------------------------
 Total formulate time:  .3125000000000000E-01 seconds
 Total solution time:   .2656250000000000 seconds


 MEMORY MANAGER TOTAL STORAGE BY DATA TYPE, IN MEGABYTES
 -------------------------------
                    ALLOCATED   
 DATA TYPE           MEMORY     
 -------------------------------
 Character        4.03300000E-03
 Logical          4.40000000E-05
 Integer          26.178328     
 Real             44.354816     
 -------------------------------
 Total            70.537221     
 -------------------------------


 
 Run end date and time (yyyy/mm/dd hh:mm:ss): 2025/06/24 13:22:05
 Elapsed run time:  1.390 Seconds
 Normal termination of simulation.
